c:\sonic-r-ps3\source\ps3\sonicr\ps3_debug\sonicr.self
c:\sonic-r-ps3\source\ps3\sonicr\sonicr\ps3_debug\animation.o
c:\sonic-r-ps3\source\ps3\sonicr\sonicr\ps3_debug\anim_data.o
c:\sonic-r-ps3\source\ps3\sonicr\sonicr\ps3_debug\balloon_model_data.o
c:\sonic-r-ps3\source\ps3\sonicr\sonicr\ps3_debug\camera.o
c:\sonic-r-ps3\source\ps3\sonicr\sonicr\ps3_debug\camera_per_track.o
c:\sonic-r-ps3\source\ps3\sonicr\sonicr\ps3_debug\envmap_model_data.o
c:\sonic-r-ps3\source\ps3\sonicr\sonicr\ps3_debug\fade_overlay.o
c:\sonic-r-ps3\source\ps3\sonicr\sonicr\ps3_debug\game_loop.o
c:\sonic-r-ps3\source\ps3\sonicr\sonicr\ps3_debug\ghost.o
c:\sonic-r-ps3\source\ps3\sonicr\sonicr\ps3_debug\globals.o
c:\sonic-r-ps3\source\ps3\sonicr\sonicr\ps3_debug\globals_extra.o
c:\sonic-r-ps3\source\ps3\sonicr\sonicr\ps3_debug\ground_collision.o
c:\sonic-r-ps3\source\ps3\sonicr\sonicr\ps3_debug\hud_full.o
c:\sonic-r-ps3\source\ps3\sonicr\sonicr\ps3_debug\init.o
c:\sonic-r-ps3\source\ps3\sonicr\sonicr\ps3_debug\input.o
c:\sonic-r-ps3\source\ps3\sonicr\sonicr\ps3_debug\logo_render.o
c:\sonic-r-ps3\source\ps3\sonicr\sonicr\ps3_debug\main.o
c:\sonic-r-ps3\source\ps3\sonicr\sonicr\ps3_debug\model_load.o
c:\sonic-r-ps3\source\ps3\sonicr\sonicr\ps3_debug\ccm.o
c:\sonic-r-ps3\source\ps3\sonicr\sonicr\ps3_debug\eax.o
c:\sonic-r-ps3\source\ps3\sonicr\sonicr\ps3_debug\gcm.o
c:\sonic-r-ps3\source\ps3\sonicr\sonicr\ps3_debug\ccopy.o
c:\sonic-r-ps3\source\ps3\sonicr\sonicr\ps3_debug\dec16be.o
c:\sonic-r-ps3\source\ps3\sonicr\sonicr\ps3_debug\dec16le.o
c:\sonic-r-ps3\source\ps3\sonicr\sonicr\ps3_debug\dec32be.o
c:\sonic-r-ps3\source\ps3\sonicr\sonicr\ps3_debug\dec32le.o
c:\sonic-r-ps3\source\ps3\sonicr\sonicr\ps3_debug\dec64be.o
c:\sonic-r-ps3\source\ps3\sonicr\sonicr\ps3_debug\dec64le.o
c:\sonic-r-ps3\source\ps3\sonicr\sonicr\ps3_debug\enc16be.o
c:\sonic-r-ps3\source\ps3\sonicr\sonicr\ps3_debug\enc16le.o
c:\sonic-r-ps3\source\ps3\sonicr\sonicr\ps3_debug\enc32be.o
c:\sonic-r-ps3\source\ps3\sonicr\sonicr\ps3_debug\enc32le.o
c:\sonic-r-ps3\source\ps3\sonicr\sonicr\ps3_debug\enc64be.o
c:\sonic-r-ps3\source\ps3\sonicr\sonicr\ps3_debug\enc64le.o
c:\sonic-r-ps3\source\ps3\sonicr\sonicr\ps3_debug\pemdec.o
c:\sonic-r-ps3\source\ps3\sonicr\sonicr\ps3_debug\pemenc.o
c:\sonic-r-ps3\source\ps3\sonicr\sonicr\ps3_debug\ecdsa_atr.o
c:\sonic-r-ps3\source\ps3\sonicr\sonicr\ps3_debug\ecdsa_default_sign_asn1.o
c:\sonic-r-ps3\source\ps3\sonicr\sonicr\ps3_debug\ecdsa_default_sign_raw.o
c:\sonic-r-ps3\source\ps3\sonicr\sonicr\ps3_debug\ecdsa_default_vrfy_asn1.o
c:\sonic-r-ps3\source\ps3\sonicr\sonicr\ps3_debug\ecdsa_default_vrfy_raw.o
c:\sonic-r-ps3\source\ps3\sonicr\sonicr\ps3_debug\ecdsa_i15_bits.o
c:\sonic-r-ps3\source\ps3\sonicr\sonicr\ps3_debug\ecdsa_i15_sign_asn1.o
c:\sonic-r-ps3\source\ps3\sonicr\sonicr\ps3_debug\ecdsa_i15_sign_raw.o
c:\sonic-r-ps3\source\ps3\sonicr\sonicr\ps3_debug\ecdsa_i15_vrfy_asn1.o
c:\sonic-r-ps3\source\ps3\sonicr\sonicr\ps3_debug\ecdsa_i15_vrfy_raw.o
c:\sonic-r-ps3\source\ps3\sonicr\sonicr\ps3_debug\ecdsa_i31_bits.o
c:\sonic-r-ps3\source\ps3\sonicr\sonicr\ps3_debug\ecdsa_i31_sign_asn1.o
c:\sonic-r-ps3\source\ps3\sonicr\sonicr\ps3_debug\ecdsa_i31_sign_raw.o
c:\sonic-r-ps3\source\ps3\sonicr\sonicr\ps3_debug\ecdsa_i31_vrfy_asn1.o
c:\sonic-r-ps3\source\ps3\sonicr\sonicr\ps3_debug\ecdsa_i31_vrfy_raw.o
c:\sonic-r-ps3\source\ps3\sonicr\sonicr\ps3_debug\ecdsa_rta.o
c:\sonic-r-ps3\source\ps3\sonicr\sonicr\ps3_debug\ec_all_m15.o
c:\sonic-r-ps3\source\ps3\sonicr\sonicr\ps3_debug\ec_all_m31.o
c:\sonic-r-ps3\source\ps3\sonicr\sonicr\ps3_debug\ec_c25519_i15.o
c:\sonic-r-ps3\source\ps3\sonicr\sonicr\ps3_debug\ec_c25519_i31.o
c:\sonic-r-ps3\source\ps3\sonicr\sonicr\ps3_debug\ec_c25519_m15.o
c:\sonic-r-ps3\source\ps3\sonicr\sonicr\ps3_debug\ec_c25519_m31.o
c:\sonic-r-ps3\source\ps3\sonicr\sonicr\ps3_debug\ec_curve25519.o
c:\sonic-r-ps3\source\ps3\sonicr\sonicr\ps3_debug\ec_default.o
c:\sonic-r-ps3\source\ps3\sonicr\sonicr\ps3_debug\ec_keygen.o
c:\sonic-r-ps3\source\ps3\sonicr\sonicr\ps3_debug\ec_p256_m15.o
c:\sonic-r-ps3\source\ps3\sonicr\sonicr\ps3_debug\ec_p256_m31.o
c:\sonic-r-ps3\source\ps3\sonicr\sonicr\ps3_debug\ec_prime_i15.o
c:\sonic-r-ps3\source\ps3\sonicr\sonicr\ps3_debug\ec_prime_i31.o
c:\sonic-r-ps3\source\ps3\sonicr\sonicr\ps3_debug\ec_pubkey.o
c:\sonic-r-ps3\source\ps3\sonicr\sonicr\ps3_debug\ec_secp256r1.o
c:\sonic-r-ps3\source\ps3\sonicr\sonicr\ps3_debug\ec_secp384r1.o
c:\sonic-r-ps3\source\ps3\sonicr\sonicr\ps3_debug\ec_secp521r1.o
c:\sonic-r-ps3\source\ps3\sonicr\sonicr\ps3_debug\dig_oid.o
c:\sonic-r-ps3\source\ps3\sonicr\sonicr\ps3_debug\dig_size.o
c:\sonic-r-ps3\source\ps3\sonicr\sonicr\ps3_debug\ghash_ctmul.o
c:\sonic-r-ps3\source\ps3\sonicr\sonicr\ps3_debug\ghash_ctmul32.o
c:\sonic-r-ps3\source\ps3\sonicr\sonicr\ps3_debug\ghash_ctmul64.o
c:\sonic-r-ps3\source\ps3\sonicr\sonicr\ps3_debug\ghash_pclmul.o
c:\sonic-r-ps3\source\ps3\sonicr\sonicr\ps3_debug\ghash_pwr8.o
c:\sonic-r-ps3\source\ps3\sonicr\sonicr\ps3_debug\md5.o
c:\sonic-r-ps3\source\ps3\sonicr\sonicr\ps3_debug\md5sha1.o
c:\sonic-r-ps3\source\ps3\sonicr\sonicr\ps3_debug\mgf1.o
c:\sonic-r-ps3\source\ps3\sonicr\sonicr\ps3_debug\multihash.o
c:\sonic-r-ps3\source\ps3\sonicr\sonicr\ps3_debug\sha1.o
c:\sonic-r-ps3\source\ps3\sonicr\sonicr\ps3_debug\sha2big.o
c:\sonic-r-ps3\source\ps3\sonicr\sonicr\ps3_debug\sha2small.o
c:\sonic-r-ps3\source\ps3\sonicr\sonicr\ps3_debug\i15_add.o
c:\sonic-r-ps3\source\ps3\sonicr\sonicr\ps3_debug\i15_bitlen.o
c:\sonic-r-ps3\source\ps3\sonicr\sonicr\ps3_debug\i15_decmod.o
c:\sonic-r-ps3\source\ps3\sonicr\sonicr\ps3_debug\i15_decode.o
c:\sonic-r-ps3\source\ps3\sonicr\sonicr\ps3_debug\i15_decred.o
c:\sonic-r-ps3\source\ps3\sonicr\sonicr\ps3_debug\i15_encode.o
c:\sonic-r-ps3\source\ps3\sonicr\sonicr\ps3_debug\i15_fmont.o
c:\sonic-r-ps3\source\ps3\sonicr\sonicr\ps3_debug\i15_iszero.o
c:\sonic-r-ps3\source\ps3\sonicr\sonicr\ps3_debug\i15_moddiv.o
c:\sonic-r-ps3\source\ps3\sonicr\sonicr\ps3_debug\i15_modpow.o
c:\sonic-r-ps3\source\ps3\sonicr\sonicr\ps3_debug\i15_modpow2.o
c:\sonic-r-ps3\source\ps3\sonicr\sonicr\ps3_debug\i15_montmul.o
c:\sonic-r-ps3\source\ps3\sonicr\sonicr\ps3_debug\i15_mulacc.o
c:\sonic-r-ps3\source\ps3\sonicr\sonicr\ps3_debug\i15_muladd.o
c:\sonic-r-ps3\source\ps3\sonicr\sonicr\ps3_debug\i15_ninv15.o
c:\sonic-r-ps3\source\ps3\sonicr\sonicr\ps3_debug\i15_reduce.o
c:\sonic-r-ps3\source\ps3\sonicr\sonicr\ps3_debug\i15_rshift.o
c:\sonic-r-ps3\source\ps3\sonicr\sonicr\ps3_debug\i15_sub.o
c:\sonic-r-ps3\source\ps3\sonicr\sonicr\ps3_debug\i15_tmont.o
c:\sonic-r-ps3\source\ps3\sonicr\sonicr\ps3_debug\i31_add.o
c:\sonic-r-ps3\source\ps3\sonicr\sonicr\ps3_debug\i31_bitlen.o
c:\sonic-r-ps3\source\ps3\sonicr\sonicr\ps3_debug\i31_decmod.o
c:\sonic-r-ps3\source\ps3\sonicr\sonicr\ps3_debug\i31_decode.o
c:\sonic-r-ps3\source\ps3\sonicr\sonicr\ps3_debug\i31_decred.o
c:\sonic-r-ps3\source\ps3\sonicr\sonicr\ps3_debug\i31_encode.o
c:\sonic-r-ps3\source\ps3\sonicr\sonicr\ps3_debug\i31_fmont.o
c:\sonic-r-ps3\source\ps3\sonicr\sonicr\ps3_debug\i31_iszero.o
c:\sonic-r-ps3\source\ps3\sonicr\sonicr\ps3_debug\i31_moddiv.o
c:\sonic-r-ps3\source\ps3\sonicr\sonicr\ps3_debug\i31_modpow.o
c:\sonic-r-ps3\source\ps3\sonicr\sonicr\ps3_debug\i31_modpow2.o
c:\sonic-r-ps3\source\ps3\sonicr\sonicr\ps3_debug\i31_montmul.o
c:\sonic-r-ps3\source\ps3\sonicr\sonicr\ps3_debug\i31_mulacc.o
c:\sonic-r-ps3\source\ps3\sonicr\sonicr\ps3_debug\i31_muladd.o
c:\sonic-r-ps3\source\ps3\sonicr\sonicr\ps3_debug\i31_ninv31.o
c:\sonic-r-ps3\source\ps3\sonicr\sonicr\ps3_debug\i31_reduce.o
c:\sonic-r-ps3\source\ps3\sonicr\sonicr\ps3_debug\i31_rshift.o
c:\sonic-r-ps3\source\ps3\sonicr\sonicr\ps3_debug\i31_sub.o
c:\sonic-r-ps3\source\ps3\sonicr\sonicr\ps3_debug\i31_tmont.o
c:\sonic-r-ps3\source\ps3\sonicr\sonicr\ps3_debug\i32_add.o
c:\sonic-r-ps3\source\ps3\sonicr\sonicr\ps3_debug\i32_bitlen.o
c:\sonic-r-ps3\source\ps3\sonicr\sonicr\ps3_debug\i32_decmod.o
c:\sonic-r-ps3\source\ps3\sonicr\sonicr\ps3_debug\i32_decode.o
c:\sonic-r-ps3\source\ps3\sonicr\sonicr\ps3_debug\i32_decred.o
c:\sonic-r-ps3\source\ps3\sonicr\sonicr\ps3_debug\i32_div32.o
c:\sonic-r-ps3\source\ps3\sonicr\sonicr\ps3_debug\i32_encode.o
c:\sonic-r-ps3\source\ps3\sonicr\sonicr\ps3_debug\i32_fmont.o
c:\sonic-r-ps3\source\ps3\sonicr\sonicr\ps3_debug\i32_iszero.o
c:\sonic-r-ps3\source\ps3\sonicr\sonicr\ps3_debug\i32_modpow.o
c:\sonic-r-ps3\source\ps3\sonicr\sonicr\ps3_debug\i32_montmul.o
c:\sonic-r-ps3\source\ps3\sonicr\sonicr\ps3_debug\i32_mulacc.o
c:\sonic-r-ps3\source\ps3\sonicr\sonicr\ps3_debug\i32_muladd.o
c:\sonic-r-ps3\source\ps3\sonicr\sonicr\ps3_debug\i32_ninv32.o
c:\sonic-r-ps3\source\ps3\sonicr\sonicr\ps3_debug\i32_reduce.o
c:\sonic-r-ps3\source\ps3\sonicr\sonicr\ps3_debug\i32_sub.o
c:\sonic-r-ps3\source\ps3\sonicr\sonicr\ps3_debug\i32_tmont.o
c:\sonic-r-ps3\source\ps3\sonicr\sonicr\ps3_debug\i62_modpow2.o
c:\sonic-r-ps3\source\ps3\sonicr\sonicr\ps3_debug\hkdf.o
c:\sonic-r-ps3\source\ps3\sonicr\sonicr\ps3_debug\hmac.o
c:\sonic-r-ps3\source\ps3\sonicr\sonicr\ps3_debug\hmac_ct.o
c:\sonic-r-ps3\source\ps3\sonicr\sonicr\ps3_debug\aesctr_drbg.o
c:\sonic-r-ps3\source\ps3\sonicr\sonicr\ps3_debug\hmac_drbg.o
c:\sonic-r-ps3\source\ps3\sonicr\sonicr\ps3_debug\sysrng.o
c:\sonic-r-ps3\source\ps3\sonicr\sonicr\ps3_debug\rsa_default_keygen.o
c:\sonic-r-ps3\source\ps3\sonicr\sonicr\ps3_debug\rsa_default_modulus.o
c:\sonic-r-ps3\source\ps3\sonicr\sonicr\ps3_debug\rsa_default_oaep_decrypt.o
c:\sonic-r-ps3\source\ps3\sonicr\sonicr\ps3_debug\rsa_default_oaep_encrypt.o
c:\sonic-r-ps3\source\ps3\sonicr\sonicr\ps3_debug\rsa_default_pkcs1_sign.o
c:\sonic-r-ps3\source\ps3\sonicr\sonicr\ps3_debug\rsa_default_pkcs1_vrfy.o
c:\sonic-r-ps3\source\ps3\sonicr\sonicr\ps3_debug\rsa_default_priv.o
c:\sonic-r-ps3\source\ps3\sonicr\sonicr\ps3_debug\rsa_default_privexp.o
c:\sonic-r-ps3\source\ps3\sonicr\sonicr\ps3_debug\rsa_default_pub.o
c:\sonic-r-ps3\source\ps3\sonicr\sonicr\ps3_debug\rsa_default_pubexp.o
c:\sonic-r-ps3\source\ps3\sonicr\sonicr\ps3_debug\rsa_i15_keygen.o
c:\sonic-r-ps3\source\ps3\sonicr\sonicr\ps3_debug\rsa_i15_modulus.o
c:\sonic-r-ps3\source\ps3\sonicr\sonicr\ps3_debug\rsa_i15_oaep_decrypt.o
c:\sonic-r-ps3\source\ps3\sonicr\sonicr\ps3_debug\rsa_i15_oaep_encrypt.o
c:\sonic-r-ps3\source\ps3\sonicr\sonicr\ps3_debug\rsa_i15_pkcs1_sign.o
c:\sonic-r-ps3\source\ps3\sonicr\sonicr\ps3_debug\rsa_i15_pkcs1_vrfy.o
c:\sonic-r-ps3\source\ps3\sonicr\sonicr\ps3_debug\rsa_i15_priv.o
c:\sonic-r-ps3\source\ps3\sonicr\sonicr\ps3_debug\rsa_i15_privexp.o
c:\sonic-r-ps3\source\ps3\sonicr\sonicr\ps3_debug\rsa_i15_pub.o
c:\sonic-r-ps3\source\ps3\sonicr\sonicr\ps3_debug\rsa_i15_pubexp.o
c:\sonic-r-ps3\source\ps3\sonicr\sonicr\ps3_debug\rsa_i31_keygen.o
c:\sonic-r-ps3\source\ps3\sonicr\sonicr\ps3_debug\rsa_i31_keygen_inner.o
c:\sonic-r-ps3\source\ps3\sonicr\sonicr\ps3_debug\rsa_i31_modulus.o
c:\sonic-r-ps3\source\ps3\sonicr\sonicr\ps3_debug\rsa_i31_oaep_decrypt.o
c:\sonic-r-ps3\source\ps3\sonicr\sonicr\ps3_debug\rsa_i31_oaep_encrypt.o
c:\sonic-r-ps3\source\ps3\sonicr\sonicr\ps3_debug\rsa_i31_pkcs1_sign.o
c:\sonic-r-ps3\source\ps3\sonicr\sonicr\ps3_debug\rsa_i31_pkcs1_vrfy.o
c:\sonic-r-ps3\source\ps3\sonicr\sonicr\ps3_debug\rsa_i31_priv.o
c:\sonic-r-ps3\source\ps3\sonicr\sonicr\ps3_debug\rsa_i31_privexp.o
c:\sonic-r-ps3\source\ps3\sonicr\sonicr\ps3_debug\rsa_i31_pub.o
c:\sonic-r-ps3\source\ps3\sonicr\sonicr\ps3_debug\rsa_i31_pubexp.o
c:\sonic-r-ps3\source\ps3\sonicr\sonicr\ps3_debug\rsa_i32_oaep_decrypt.o
c:\sonic-r-ps3\source\ps3\sonicr\sonicr\ps3_debug\rsa_i32_oaep_encrypt.o
c:\sonic-r-ps3\source\ps3\sonicr\sonicr\ps3_debug\rsa_i32_pkcs1_sign.o
c:\sonic-r-ps3\source\ps3\sonicr\sonicr\ps3_debug\rsa_i32_pkcs1_vrfy.o
c:\sonic-r-ps3\source\ps3\sonicr\sonicr\ps3_debug\rsa_i32_priv.o
c:\sonic-r-ps3\source\ps3\sonicr\sonicr\ps3_debug\rsa_i32_pub.o
c:\sonic-r-ps3\source\ps3\sonicr\sonicr\ps3_debug\rsa_i62_keygen.o
c:\sonic-r-ps3\source\ps3\sonicr\sonicr\ps3_debug\rsa_i62_oaep_decrypt.o
c:\sonic-r-ps3\source\ps3\sonicr\sonicr\ps3_debug\rsa_i62_oaep_encrypt.o
c:\sonic-r-ps3\source\ps3\sonicr\sonicr\ps3_debug\rsa_i62_pkcs1_sign.o
c:\sonic-r-ps3\source\ps3\sonicr\sonicr\ps3_debug\rsa_i62_pkcs1_vrfy.o
c:\sonic-r-ps3\source\ps3\sonicr\sonicr\ps3_debug\rsa_i62_priv.o
c:\sonic-r-ps3\source\ps3\sonicr\sonicr\ps3_debug\rsa_i62_pub.o
c:\sonic-r-ps3\source\ps3\sonicr\sonicr\ps3_debug\rsa_oaep_pad.o
c:\sonic-r-ps3\source\ps3\sonicr\sonicr\ps3_debug\rsa_oaep_unpad.o
c:\sonic-r-ps3\source\ps3\sonicr\sonicr\ps3_debug\rsa_pkcs1_sig_pad.o
c:\sonic-r-ps3\source\ps3\sonicr\sonicr\ps3_debug\rsa_pkcs1_sig_unpad.o
c:\sonic-r-ps3\source\ps3\sonicr\sonicr\ps3_debug\rsa_ssl_decrypt.o
c:\sonic-r-ps3\source\ps3\sonicr\sonicr\ps3_debug\settings.o
c:\sonic-r-ps3\source\ps3\sonicr\sonicr\ps3_debug\prf.o
c:\sonic-r-ps3\source\ps3\sonicr\sonicr\ps3_debug\prf_md5sha1.o
c:\sonic-r-ps3\source\ps3\sonicr\sonicr\ps3_debug\prf_sha256.o
c:\sonic-r-ps3\source\ps3\sonicr\sonicr\ps3_debug\prf_sha384.o
c:\sonic-r-ps3\source\ps3\sonicr\sonicr\ps3_debug\ssl_ccert_single_ec.o
c:\sonic-r-ps3\source\ps3\sonicr\sonicr\ps3_debug\ssl_ccert_single_rsa.o
c:\sonic-r-ps3\source\ps3\sonicr\sonicr\ps3_debug\ssl_client.o
c:\sonic-r-ps3\source\ps3\sonicr\sonicr\ps3_debug\ssl_client_default_rsapub.o
c:\sonic-r-ps3\source\ps3\sonicr\sonicr\ps3_debug\ssl_client_full.o
c:\sonic-r-ps3\source\ps3\sonicr\sonicr\ps3_debug\ssl_engine.o
c:\sonic-r-ps3\source\ps3\sonicr\sonicr\ps3_debug\ssl_engine_default_aescbc.o
c:\sonic-r-ps3\source\ps3\sonicr\sonicr\ps3_debug\ssl_engine_default_aesccm.o
c:\sonic-r-ps3\source\ps3\sonicr\sonicr\ps3_debug\ssl_engine_default_aesgcm.o
c:\sonic-r-ps3\source\ps3\sonicr\sonicr\ps3_debug\ssl_engine_default_chapol.o
c:\sonic-r-ps3\source\ps3\sonicr\sonicr\ps3_debug\ssl_engine_default_descbc.o
c:\sonic-r-ps3\source\ps3\sonicr\sonicr\ps3_debug\ssl_engine_default_ec.o
c:\sonic-r-ps3\source\ps3\sonicr\sonicr\ps3_debug\ssl_engine_default_ecdsa.o
c:\sonic-r-ps3\source\ps3\sonicr\sonicr\ps3_debug\ssl_engine_default_rsavrfy.o
c:\sonic-r-ps3\source\ps3\sonicr\sonicr\ps3_debug\ssl_hashes.o
c:\sonic-r-ps3\source\ps3\sonicr\sonicr\ps3_debug\ssl_hs_client.o
c:\sonic-r-ps3\source\ps3\sonicr\sonicr\ps3_debug\ssl_hs_server.o
c:\sonic-r-ps3\source\ps3\sonicr\sonicr\ps3_debug\ssl_io.o
c:\sonic-r-ps3\source\ps3\sonicr\sonicr\ps3_debug\ssl_keyexport.o
c:\sonic-r-ps3\source\ps3\sonicr\sonicr\ps3_debug\ssl_lru.o
c:\sonic-r-ps3\source\ps3\sonicr\sonicr\ps3_debug\ssl_rec_cbc.o
c:\sonic-r-ps3\source\ps3\sonicr\sonicr\ps3_debug\ssl_rec_ccm.o
c:\sonic-r-ps3\source\ps3\sonicr\sonicr\ps3_debug\ssl_rec_chapol.o
c:\sonic-r-ps3\source\ps3\sonicr\sonicr\ps3_debug\ssl_rec_gcm.o
c:\sonic-r-ps3\source\ps3\sonicr\sonicr\ps3_debug\ssl_scert_single_ec.o
c:\sonic-r-ps3\source\ps3\sonicr\sonicr\ps3_debug\ssl_scert_single_rsa.o
c:\sonic-r-ps3\source\ps3\sonicr\sonicr\ps3_debug\ssl_server.o
c:\sonic-r-ps3\source\ps3\sonicr\sonicr\ps3_debug\ssl_server_full_ec.o
c:\sonic-r-ps3\source\ps3\sonicr\sonicr\ps3_debug\ssl_server_full_rsa.o
c:\sonic-r-ps3\source\ps3\sonicr\sonicr\ps3_debug\ssl_server_mine2c.o
c:\sonic-r-ps3\source\ps3\sonicr\sonicr\ps3_debug\ssl_server_mine2g.o
c:\sonic-r-ps3\source\ps3\sonicr\sonicr\ps3_debug\ssl_server_minf2c.o
c:\sonic-r-ps3\source\ps3\sonicr\sonicr\ps3_debug\ssl_server_minf2g.o
c:\sonic-r-ps3\source\ps3\sonicr\sonicr\ps3_debug\ssl_server_minr2g.o
c:\sonic-r-ps3\source\ps3\sonicr\sonicr\ps3_debug\ssl_server_minu2g.o
c:\sonic-r-ps3\source\ps3\sonicr\sonicr\ps3_debug\ssl_server_minv2g.o
c:\sonic-r-ps3\source\ps3\sonicr\sonicr\ps3_debug\aes_big_cbcdec.o
c:\sonic-r-ps3\source\ps3\sonicr\sonicr\ps3_debug\aes_big_cbcenc.o
c:\sonic-r-ps3\source\ps3\sonicr\sonicr\ps3_debug\aes_big_ctr.o
c:\sonic-r-ps3\source\ps3\sonicr\sonicr\ps3_debug\aes_big_ctrcbc.o
c:\sonic-r-ps3\source\ps3\sonicr\sonicr\ps3_debug\aes_big_dec.o
c:\sonic-r-ps3\source\ps3\sonicr\sonicr\ps3_debug\aes_big_enc.o
c:\sonic-r-ps3\source\ps3\sonicr\sonicr\ps3_debug\aes_common.o
c:\sonic-r-ps3\source\ps3\sonicr\sonicr\ps3_debug\aes_ct.o
c:\sonic-r-ps3\source\ps3\sonicr\sonicr\ps3_debug\aes_ct64.o
c:\sonic-r-ps3\source\ps3\sonicr\sonicr\ps3_debug\aes_ct64_cbcdec.o
c:\sonic-r-ps3\source\ps3\sonicr\sonicr\ps3_debug\aes_ct64_cbcenc.o
c:\sonic-r-ps3\source\ps3\sonicr\sonicr\ps3_debug\aes_ct64_ctr.o
c:\sonic-r-ps3\source\ps3\sonicr\sonicr\ps3_debug\aes_ct64_ctrcbc.o
c:\sonic-r-ps3\source\ps3\sonicr\sonicr\ps3_debug\aes_ct64_dec.o
c:\sonic-r-ps3\source\ps3\sonicr\sonicr\ps3_debug\aes_ct64_enc.o
c:\sonic-r-ps3\source\ps3\sonicr\sonicr\ps3_debug\aes_ct_cbcdec.o
c:\sonic-r-ps3\source\ps3\sonicr\sonicr\ps3_debug\aes_ct_cbcenc.o
c:\sonic-r-ps3\source\ps3\sonicr\sonicr\ps3_debug\aes_ct_ctr.o
c:\sonic-r-ps3\source\ps3\sonicr\sonicr\ps3_debug\aes_ct_ctrcbc.o
c:\sonic-r-ps3\source\ps3\sonicr\sonicr\ps3_debug\aes_ct_dec.o
c:\sonic-r-ps3\source\ps3\sonicr\sonicr\ps3_debug\aes_ct_enc.o
c:\sonic-r-ps3\source\ps3\sonicr\sonicr\ps3_debug\aes_pwr8.o
c:\sonic-r-ps3\source\ps3\sonicr\sonicr\ps3_debug\aes_pwr8_cbcdec.o
c:\sonic-r-ps3\source\ps3\sonicr\sonicr\ps3_debug\aes_pwr8_cbcenc.o
c:\sonic-r-ps3\source\ps3\sonicr\sonicr\ps3_debug\aes_pwr8_ctr.o
c:\sonic-r-ps3\source\ps3\sonicr\sonicr\ps3_debug\aes_pwr8_ctrcbc.o
c:\sonic-r-ps3\source\ps3\sonicr\sonicr\ps3_debug\aes_small_cbcdec.o
c:\sonic-r-ps3\source\ps3\sonicr\sonicr\ps3_debug\aes_small_cbcenc.o
c:\sonic-r-ps3\source\ps3\sonicr\sonicr\ps3_debug\aes_small_ctr.o
c:\sonic-r-ps3\source\ps3\sonicr\sonicr\ps3_debug\aes_small_ctrcbc.o
c:\sonic-r-ps3\source\ps3\sonicr\sonicr\ps3_debug\aes_small_dec.o
c:\sonic-r-ps3\source\ps3\sonicr\sonicr\ps3_debug\aes_small_enc.o
c:\sonic-r-ps3\source\ps3\sonicr\sonicr\ps3_debug\aes_x86ni.o
c:\sonic-r-ps3\source\ps3\sonicr\sonicr\ps3_debug\aes_x86ni_cbcdec.o
c:\sonic-r-ps3\source\ps3\sonicr\sonicr\ps3_debug\aes_x86ni_cbcenc.o
c:\sonic-r-ps3\source\ps3\sonicr\sonicr\ps3_debug\aes_x86ni_ctr.o
c:\sonic-r-ps3\source\ps3\sonicr\sonicr\ps3_debug\aes_x86ni_ctrcbc.o
c:\sonic-r-ps3\source\ps3\sonicr\sonicr\ps3_debug\chacha20_ct.o
c:\sonic-r-ps3\source\ps3\sonicr\sonicr\ps3_debug\chacha20_sse2.o
c:\sonic-r-ps3\source\ps3\sonicr\sonicr\ps3_debug\des_ct.o
c:\sonic-r-ps3\source\ps3\sonicr\sonicr\ps3_debug\des_ct_cbcdec.o
c:\sonic-r-ps3\source\ps3\sonicr\sonicr\ps3_debug\des_ct_cbcenc.o
c:\sonic-r-ps3\source\ps3\sonicr\sonicr\ps3_debug\des_support.o
c:\sonic-r-ps3\source\ps3\sonicr\sonicr\ps3_debug\des_tab.o
c:\sonic-r-ps3\source\ps3\sonicr\sonicr\ps3_debug\des_tab_cbcdec.o
c:\sonic-r-ps3\source\ps3\sonicr\sonicr\ps3_debug\des_tab_cbcenc.o
c:\sonic-r-ps3\source\ps3\sonicr\sonicr\ps3_debug\poly1305_ctmul.o
c:\sonic-r-ps3\source\ps3\sonicr\sonicr\ps3_debug\poly1305_ctmul32.o
c:\sonic-r-ps3\source\ps3\sonicr\sonicr\ps3_debug\poly1305_ctmulq.o
c:\sonic-r-ps3\source\ps3\sonicr\sonicr\ps3_debug\poly1305_i15.o
c:\sonic-r-ps3\source\ps3\sonicr\sonicr\ps3_debug\asn1enc.o
c:\sonic-r-ps3\source\ps3\sonicr\sonicr\ps3_debug\encode_ec_pk8der.o
c:\sonic-r-ps3\source\ps3\sonicr\sonicr\ps3_debug\encode_ec_rawder.o
c:\sonic-r-ps3\source\ps3\sonicr\sonicr\ps3_debug\encode_rsa_pk8der.o
c:\sonic-r-ps3\source\ps3\sonicr\sonicr\ps3_debug\encode_rsa_rawder.o
c:\sonic-r-ps3\source\ps3\sonicr\sonicr\ps3_debug\skey_decoder.o
c:\sonic-r-ps3\source\ps3\sonicr\sonicr\ps3_debug\x509_decoder.o
c:\sonic-r-ps3\source\ps3\sonicr\sonicr\ps3_debug\x509_knownkey.o
c:\sonic-r-ps3\source\ps3\sonicr\sonicr\ps3_debug\x509_minimal.o
c:\sonic-r-ps3\source\ps3\sonicr\sonicr\ps3_debug\x509_minimal_full.o
c:\sonic-r-ps3\source\ps3\sonicr\sonicr\ps3_debug\matchmaker.o
c:\sonic-r-ps3\source\ps3\sonicr\sonicr\ps3_debug\network.o
c:\sonic-r-ps3\source\ps3\sonicr\sonicr\ps3_debug\net_delta.o
c:\sonic-r-ps3\source\ps3\sonicr\sonicr\ps3_debug\net_https.o
c:\sonic-r-ps3\source\ps3\sonicr\sonicr\ps3_debug\net_interp.o
c:\sonic-r-ps3\source\ps3\sonicr\sonicr\ps3_debug\net_transport.o
c:\sonic-r-ps3\source\ps3\sonicr\sonicr\ps3_debug\net_upnp.o
c:\sonic-r-ps3\source\ps3\sonicr\sonicr\ps3_debug\pause_menu.o
c:\sonic-r-ps3\source\ps3\sonicr\sonicr\ps3_debug\physics_main.o
c:\sonic-r-ps3\source\ps3\sonicr\sonicr\ps3_debug\physics_small.o
c:\sonic-r-ps3\source\ps3\sonicr\sonicr\ps3_debug\platform_ps3.o
c:\sonic-r-ps3\source\ps3\sonicr\sonicr\ps3_debug\player_camera.o
c:\sonic-r-ps3\source\ps3\sonicr\sonicr\ps3_debug\player_init.o
c:\sonic-r-ps3\source\ps3\sonicr\sonicr\ps3_debug\player_movement.o
c:\sonic-r-ps3\source\ps3\sonicr\sonicr\ps3_debug\qrcodegen.o
c:\sonic-r-ps3\source\ps3\sonicr\sonicr\ps3_debug\race.o
c:\sonic-r-ps3\source\ps3\sonicr\sonicr\ps3_debug\race_setup.o
c:\sonic-r-ps3\source\ps3\sonicr\sonicr\ps3_debug\race_timing.o
c:\sonic-r-ps3\source\ps3\sonicr\sonicr\ps3_debug\race_update.o
c:\sonic-r-ps3\source\ps3\sonicr\sonicr\ps3_debug\render_character_credits.o
c:\sonic-r-ps3\source\ps3\sonicr\sonicr\ps3_debug\render_character_d3d.o
c:\sonic-r-ps3\source\ps3\sonicr\sonicr\ps3_debug\render_character_podium.o
c:\sonic-r-ps3\source\ps3\sonicr\sonicr\ps3_debug\render_char_sprites.o
c:\sonic-r-ps3\source\ps3\sonicr\sonicr\ps3_debug\r_gl_backend.o
c:\sonic-r-ps3\source\ps3\sonicr\sonicr\ps3_debug\r_soft_backend.o
c:\sonic-r-ps3\source\ps3\sonicr\sonicr\ps3_debug\render_gl.o
c:\sonic-r-ps3\source\ps3\sonicr\sonicr\ps3_debug\render_grid_d3d.o
c:\sonic-r-ps3\source\ps3\sonicr\sonicr\ps3_debug\render_helpers.o
c:\sonic-r-ps3\source\ps3\sonicr\sonicr\ps3_debug\render_hidden_obj.o
c:\sonic-r-ps3\source\ps3\sonicr\sonicr\ps3_debug\render_scene.o
c:\sonic-r-ps3\source\ps3\sonicr\sonicr\ps3_debug\render_track_d3d.o
c:\sonic-r-ps3\source\ps3\sonicr\sonicr\ps3_debug\render_track_sdl.o
c:\sonic-r-ps3\source\ps3\sonicr\sonicr\ps3_debug\save.o
c:\sonic-r-ps3\source\ps3\sonicr\sonicr\ps3_debug\screen_charsel.o
c:\sonic-r-ps3\source\ps3\sonicr\sonicr\ps3_debug\screen_course.o
c:\sonic-r-ps3\source\ps3\sonicr\sonicr\ps3_debug\screen_menu.o
c:\sonic-r-ps3\source\ps3\sonicr\sonicr\ps3_debug\screen_misc.o
c:\sonic-r-ps3\source\ps3\sonicr\sonicr\ps3_debug\screen_multimode.o
c:\sonic-r-ps3\source\ps3\sonicr\sonicr\ps3_debug\screen_results.o
c:\sonic-r-ps3\source\ps3\sonicr\sonicr\ps3_debug\screen_timeattack.o
c:\sonic-r-ps3\source\ps3\sonicr\sonicr\ps3_debug\screens.o
c:\sonic-r-ps3\source\ps3\sonicr\sonicr\ps3_debug\shutdown.o
c:\sonic-r-ps3\source\ps3\sonicr\sonicr\ps3_debug\sky_gradient.o
c:\sonic-r-ps3\source\ps3\sonicr\sonicr\ps3_debug\sky_render.o
c:\sonic-r-ps3\source\ps3\sonicr\sonicr\ps3_debug\adp.o
c:\sonic-r-ps3\source\ps3\sonicr\sonicr\ps3_debug\adx.o
c:\sonic-r-ps3\source\ps3\sonicr\sonicr\ps3_debug\music_rwops.o
c:\sonic-r-ps3\source\ps3\sonicr\sonicr\ps3_debug\music_sdl.o
c:\sonic-r-ps3\source\ps3\sonicr\sonicr\ps3_debug\replay_voice.o
c:\sonic-r-ps3\source\ps3\sonicr\sonicr\ps3_debug\sfx_sdl.o
c:\sonic-r-ps3\source\ps3\sonicr\sonicr\ps3_debug\sound.o
c:\sonic-r-ps3\source\ps3\sonicr\sonicr\ps3_debug\texture.o
c:\sonic-r-ps3\source\ps3\sonicr\sonicr\ps3_debug\title_render.o
c:\sonic-r-ps3\source\ps3\sonicr\sonicr\ps3_debug\track_anim.o
c:\sonic-r-ps3\source\ps3\sonicr\sonicr\ps3_debug\track_anim_init.o
c:\sonic-r-ps3\source\ps3\sonicr\sonicr\ps3_debug\track_geometry.o
c:\sonic-r-ps3\source\ps3\sonicr\sonicr\ps3_debug\track_init.o
c:\sonic-r-ps3\source\ps3\sonicr\sonicr\ps3_debug\track_load.o
c:\sonic-r-ps3\source\ps3\sonicr\sonicr\ps3_debug\track_per_level.o
c:\sonic-r-ps3\source\ps3\sonicr\sonicr\ps3_debug\track_surface_ai.o
c:\sonic-r-ps3\source\ps3\sonicr\sonicr\ps3_debug\util.o
c:\sonic-r-ps3\source\ps3\sonicr\sonicr\ps3_debug\vehicle_physics.o
c:\sonic-r-ps3\source\ps3\sonicr\sonicr\ps3_debug\view_matrix.o
c:\sonic-r-ps3\source\ps3\sonicr\sonicr\ps3_debug\weather.o
c:\sonic-r-ps3\source\ps3\sonicr\sonicr\ps3_debug\sonicr.tlog\ps3ppuld64.command.1.tlog
c:\sonic-r-ps3\source\ps3\sonicr\sonicr\ps3_debug\sonicr.tlog\ps3ppuld64.read.1.tlog
c:\sonic-r-ps3\source\ps3\sonicr\sonicr\ps3_debug\sonicr.tlog\ps3ppuld64.write.1.tlog
c:\sonic-r-ps3\source\ps3\sonicr\sonicr\ps3_debug\sonicr.tlog\ps3ppusnc.command.1.tlog
c:\sonic-r-ps3\source\ps3\sonicr\sonicr\ps3_debug\sonicr.tlog\ps3ppusnc.read.1.tlog
c:\sonic-r-ps3\source\ps3\sonicr\sonicr\ps3_debug\sonicr.tlog\ps3ppusnc.write.1.tlog
