c:\sonic-r-ps3\source\ps3\sonicr\ps3_release\sonicr.self
c:\sonic-r-ps3\source\ps3\sonicr\sonicr\ps3_release\animation.o
c:\sonic-r-ps3\source\ps3\sonicr\sonicr\ps3_release\anim_data.o
c:\sonic-r-ps3\source\ps3\sonicr\sonicr\ps3_release\balloon_model_data.o
c:\sonic-r-ps3\source\ps3\sonicr\sonicr\ps3_release\camera.o
c:\sonic-r-ps3\source\ps3\sonicr\sonicr\ps3_release\camera_per_track.o
c:\sonic-r-ps3\source\ps3\sonicr\sonicr\ps3_release\envmap_model_data.o
c:\sonic-r-ps3\source\ps3\sonicr\sonicr\ps3_release\fade_overlay.o
c:\sonic-r-ps3\source\ps3\sonicr\sonicr\ps3_release\game_loop.o
c:\sonic-r-ps3\source\ps3\sonicr\sonicr\ps3_release\ghost.o
c:\sonic-r-ps3\source\ps3\sonicr\sonicr\ps3_release\globals.o
c:\sonic-r-ps3\source\ps3\sonicr\sonicr\ps3_release\globals_extra.o
c:\sonic-r-ps3\source\ps3\sonicr\sonicr\ps3_release\ground_collision.o
c:\sonic-r-ps3\source\ps3\sonicr\sonicr\ps3_release\hud_full.o
c:\sonic-r-ps3\source\ps3\sonicr\sonicr\ps3_release\init.o
c:\sonic-r-ps3\source\ps3\sonicr\sonicr\ps3_release\input.o
c:\sonic-r-ps3\source\ps3\sonicr\sonicr\ps3_release\logo_render.o
c:\sonic-r-ps3\source\ps3\sonicr\sonicr\ps3_release\main.o
c:\sonic-r-ps3\source\ps3\sonicr\sonicr\ps3_release\model_load.o
c:\sonic-r-ps3\source\ps3\sonicr\sonicr\ps3_release\ccm.o
c:\sonic-r-ps3\source\ps3\sonicr\sonicr\ps3_release\eax.o
c:\sonic-r-ps3\source\ps3\sonicr\sonicr\ps3_release\gcm.o
c:\sonic-r-ps3\source\ps3\sonicr\sonicr\ps3_release\ccopy.o
c:\sonic-r-ps3\source\ps3\sonicr\sonicr\ps3_release\dec16be.o
c:\sonic-r-ps3\source\ps3\sonicr\sonicr\ps3_release\dec16le.o
c:\sonic-r-ps3\source\ps3\sonicr\sonicr\ps3_release\dec32be.o
c:\sonic-r-ps3\source\ps3\sonicr\sonicr\ps3_release\dec32le.o
c:\sonic-r-ps3\source\ps3\sonicr\sonicr\ps3_release\dec64be.o
c:\sonic-r-ps3\source\ps3\sonicr\sonicr\ps3_release\dec64le.o
c:\sonic-r-ps3\source\ps3\sonicr\sonicr\ps3_release\enc16be.o
c:\sonic-r-ps3\source\ps3\sonicr\sonicr\ps3_release\enc16le.o
c:\sonic-r-ps3\source\ps3\sonicr\sonicr\ps3_release\enc32be.o
c:\sonic-r-ps3\source\ps3\sonicr\sonicr\ps3_release\enc32le.o
c:\sonic-r-ps3\source\ps3\sonicr\sonicr\ps3_release\enc64be.o
c:\sonic-r-ps3\source\ps3\sonicr\sonicr\ps3_release\enc64le.o
c:\sonic-r-ps3\source\ps3\sonicr\sonicr\ps3_release\pemdec.o
c:\sonic-r-ps3\source\ps3\sonicr\sonicr\ps3_release\pemenc.o
c:\sonic-r-ps3\source\ps3\sonicr\sonicr\ps3_release\ecdsa_atr.o
c:\sonic-r-ps3\source\ps3\sonicr\sonicr\ps3_release\ecdsa_default_sign_asn1.o
c:\sonic-r-ps3\source\ps3\sonicr\sonicr\ps3_release\ecdsa_default_sign_raw.o
c:\sonic-r-ps3\source\ps3\sonicr\sonicr\ps3_release\ecdsa_default_vrfy_asn1.o
c:\sonic-r-ps3\source\ps3\sonicr\sonicr\ps3_release\ecdsa_default_vrfy_raw.o
c:\sonic-r-ps3\source\ps3\sonicr\sonicr\ps3_release\ecdsa_i15_bits.o
c:\sonic-r-ps3\source\ps3\sonicr\sonicr\ps3_release\ecdsa_i15_sign_asn1.o
c:\sonic-r-ps3\source\ps3\sonicr\sonicr\ps3_release\ecdsa_i15_sign_raw.o
c:\sonic-r-ps3\source\ps3\sonicr\sonicr\ps3_release\ecdsa_i15_vrfy_asn1.o
c:\sonic-r-ps3\source\ps3\sonicr\sonicr\ps3_release\ecdsa_i15_vrfy_raw.o
c:\sonic-r-ps3\source\ps3\sonicr\sonicr\ps3_release\ecdsa_i31_bits.o
c:\sonic-r-ps3\source\ps3\sonicr\sonicr\ps3_release\ecdsa_i31_sign_asn1.o
c:\sonic-r-ps3\source\ps3\sonicr\sonicr\ps3_release\ecdsa_i31_sign_raw.o
c:\sonic-r-ps3\source\ps3\sonicr\sonicr\ps3_release\ecdsa_i31_vrfy_asn1.o
c:\sonic-r-ps3\source\ps3\sonicr\sonicr\ps3_release\ecdsa_i31_vrfy_raw.o
c:\sonic-r-ps3\source\ps3\sonicr\sonicr\ps3_release\ecdsa_rta.o
c:\sonic-r-ps3\source\ps3\sonicr\sonicr\ps3_release\ec_all_m15.o
c:\sonic-r-ps3\source\ps3\sonicr\sonicr\ps3_release\ec_all_m31.o
c:\sonic-r-ps3\source\ps3\sonicr\sonicr\ps3_release\ec_c25519_i15.o
c:\sonic-r-ps3\source\ps3\sonicr\sonicr\ps3_release\ec_c25519_i31.o
c:\sonic-r-ps3\source\ps3\sonicr\sonicr\ps3_release\ec_c25519_m15.o
c:\sonic-r-ps3\source\ps3\sonicr\sonicr\ps3_release\ec_c25519_m31.o
c:\sonic-r-ps3\source\ps3\sonicr\sonicr\ps3_release\ec_curve25519.o
c:\sonic-r-ps3\source\ps3\sonicr\sonicr\ps3_release\ec_default.o
c:\sonic-r-ps3\source\ps3\sonicr\sonicr\ps3_release\ec_keygen.o
c:\sonic-r-ps3\source\ps3\sonicr\sonicr\ps3_release\ec_p256_m15.o
c:\sonic-r-ps3\source\ps3\sonicr\sonicr\ps3_release\ec_p256_m31.o
c:\sonic-r-ps3\source\ps3\sonicr\sonicr\ps3_release\ec_prime_i15.o
c:\sonic-r-ps3\source\ps3\sonicr\sonicr\ps3_release\ec_prime_i31.o
c:\sonic-r-ps3\source\ps3\sonicr\sonicr\ps3_release\ec_pubkey.o
c:\sonic-r-ps3\source\ps3\sonicr\sonicr\ps3_release\ec_secp256r1.o
c:\sonic-r-ps3\source\ps3\sonicr\sonicr\ps3_release\ec_secp384r1.o
c:\sonic-r-ps3\source\ps3\sonicr\sonicr\ps3_release\ec_secp521r1.o
c:\sonic-r-ps3\source\ps3\sonicr\sonicr\ps3_release\dig_oid.o
c:\sonic-r-ps3\source\ps3\sonicr\sonicr\ps3_release\dig_size.o
c:\sonic-r-ps3\source\ps3\sonicr\sonicr\ps3_release\ghash_ctmul.o
c:\sonic-r-ps3\source\ps3\sonicr\sonicr\ps3_release\ghash_ctmul32.o
c:\sonic-r-ps3\source\ps3\sonicr\sonicr\ps3_release\ghash_ctmul64.o
c:\sonic-r-ps3\source\ps3\sonicr\sonicr\ps3_release\ghash_pclmul.o
c:\sonic-r-ps3\source\ps3\sonicr\sonicr\ps3_release\ghash_pwr8.o
c:\sonic-r-ps3\source\ps3\sonicr\sonicr\ps3_release\md5.o
c:\sonic-r-ps3\source\ps3\sonicr\sonicr\ps3_release\md5sha1.o
c:\sonic-r-ps3\source\ps3\sonicr\sonicr\ps3_release\mgf1.o
c:\sonic-r-ps3\source\ps3\sonicr\sonicr\ps3_release\multihash.o
c:\sonic-r-ps3\source\ps3\sonicr\sonicr\ps3_release\sha1.o
c:\sonic-r-ps3\source\ps3\sonicr\sonicr\ps3_release\sha2big.o
c:\sonic-r-ps3\source\ps3\sonicr\sonicr\ps3_release\sha2small.o
c:\sonic-r-ps3\source\ps3\sonicr\sonicr\ps3_release\i15_add.o
c:\sonic-r-ps3\source\ps3\sonicr\sonicr\ps3_release\i15_bitlen.o
c:\sonic-r-ps3\source\ps3\sonicr\sonicr\ps3_release\i15_decmod.o
c:\sonic-r-ps3\source\ps3\sonicr\sonicr\ps3_release\i15_decode.o
c:\sonic-r-ps3\source\ps3\sonicr\sonicr\ps3_release\i15_decred.o
c:\sonic-r-ps3\source\ps3\sonicr\sonicr\ps3_release\i15_encode.o
c:\sonic-r-ps3\source\ps3\sonicr\sonicr\ps3_release\i15_fmont.o
c:\sonic-r-ps3\source\ps3\sonicr\sonicr\ps3_release\i15_iszero.o
c:\sonic-r-ps3\source\ps3\sonicr\sonicr\ps3_release\i15_moddiv.o
c:\sonic-r-ps3\source\ps3\sonicr\sonicr\ps3_release\i15_modpow.o
c:\sonic-r-ps3\source\ps3\sonicr\sonicr\ps3_release\i15_modpow2.o
c:\sonic-r-ps3\source\ps3\sonicr\sonicr\ps3_release\i15_montmul.o
c:\sonic-r-ps3\source\ps3\sonicr\sonicr\ps3_release\i15_mulacc.o
c:\sonic-r-ps3\source\ps3\sonicr\sonicr\ps3_release\i15_muladd.o
c:\sonic-r-ps3\source\ps3\sonicr\sonicr\ps3_release\i15_ninv15.o
c:\sonic-r-ps3\source\ps3\sonicr\sonicr\ps3_release\i15_reduce.o
c:\sonic-r-ps3\source\ps3\sonicr\sonicr\ps3_release\i15_rshift.o
c:\sonic-r-ps3\source\ps3\sonicr\sonicr\ps3_release\i15_sub.o
c:\sonic-r-ps3\source\ps3\sonicr\sonicr\ps3_release\i15_tmont.o
c:\sonic-r-ps3\source\ps3\sonicr\sonicr\ps3_release\i31_add.o
c:\sonic-r-ps3\source\ps3\sonicr\sonicr\ps3_release\i31_bitlen.o
c:\sonic-r-ps3\source\ps3\sonicr\sonicr\ps3_release\i31_decmod.o
c:\sonic-r-ps3\source\ps3\sonicr\sonicr\ps3_release\i31_decode.o
c:\sonic-r-ps3\source\ps3\sonicr\sonicr\ps3_release\i31_decred.o
c:\sonic-r-ps3\source\ps3\sonicr\sonicr\ps3_release\i31_encode.o
c:\sonic-r-ps3\source\ps3\sonicr\sonicr\ps3_release\i31_fmont.o
c:\sonic-r-ps3\source\ps3\sonicr\sonicr\ps3_release\i31_iszero.o
c:\sonic-r-ps3\source\ps3\sonicr\sonicr\ps3_release\i31_moddiv.o
c:\sonic-r-ps3\source\ps3\sonicr\sonicr\ps3_release\i31_modpow.o
c:\sonic-r-ps3\source\ps3\sonicr\sonicr\ps3_release\i31_modpow2.o
c:\sonic-r-ps3\source\ps3\sonicr\sonicr\ps3_release\i31_montmul.o
c:\sonic-r-ps3\source\ps3\sonicr\sonicr\ps3_release\i31_mulacc.o
c:\sonic-r-ps3\source\ps3\sonicr\sonicr\ps3_release\i31_muladd.o
c:\sonic-r-ps3\source\ps3\sonicr\sonicr\ps3_release\i31_ninv31.o
c:\sonic-r-ps3\source\ps3\sonicr\sonicr\ps3_release\i31_reduce.o
c:\sonic-r-ps3\source\ps3\sonicr\sonicr\ps3_release\i31_rshift.o
c:\sonic-r-ps3\source\ps3\sonicr\sonicr\ps3_release\i31_sub.o
c:\sonic-r-ps3\source\ps3\sonicr\sonicr\ps3_release\i31_tmont.o
c:\sonic-r-ps3\source\ps3\sonicr\sonicr\ps3_release\i32_add.o
c:\sonic-r-ps3\source\ps3\sonicr\sonicr\ps3_release\i32_bitlen.o
c:\sonic-r-ps3\source\ps3\sonicr\sonicr\ps3_release\i32_decmod.o
c:\sonic-r-ps3\source\ps3\sonicr\sonicr\ps3_release\i32_decode.o
c:\sonic-r-ps3\source\ps3\sonicr\sonicr\ps3_release\i32_decred.o
c:\sonic-r-ps3\source\ps3\sonicr\sonicr\ps3_release\i32_div32.o
c:\sonic-r-ps3\source\ps3\sonicr\sonicr\ps3_release\i32_encode.o
c:\sonic-r-ps3\source\ps3\sonicr\sonicr\ps3_release\i32_fmont.o
c:\sonic-r-ps3\source\ps3\sonicr\sonicr\ps3_release\i32_iszero.o
c:\sonic-r-ps3\source\ps3\sonicr\sonicr\ps3_release\i32_modpow.o
c:\sonic-r-ps3\source\ps3\sonicr\sonicr\ps3_release\i32_montmul.o
c:\sonic-r-ps3\source\ps3\sonicr\sonicr\ps3_release\i32_mulacc.o
c:\sonic-r-ps3\source\ps3\sonicr\sonicr\ps3_release\i32_muladd.o
c:\sonic-r-ps3\source\ps3\sonicr\sonicr\ps3_release\i32_ninv32.o
c:\sonic-r-ps3\source\ps3\sonicr\sonicr\ps3_release\i32_reduce.o
c:\sonic-r-ps3\source\ps3\sonicr\sonicr\ps3_release\i32_sub.o
c:\sonic-r-ps3\source\ps3\sonicr\sonicr\ps3_release\i32_tmont.o
c:\sonic-r-ps3\source\ps3\sonicr\sonicr\ps3_release\i62_modpow2.o
c:\sonic-r-ps3\source\ps3\sonicr\sonicr\ps3_release\hkdf.o
c:\sonic-r-ps3\source\ps3\sonicr\sonicr\ps3_release\hmac.o
c:\sonic-r-ps3\source\ps3\sonicr\sonicr\ps3_release\hmac_ct.o
c:\sonic-r-ps3\source\ps3\sonicr\sonicr\ps3_release\aesctr_drbg.o
c:\sonic-r-ps3\source\ps3\sonicr\sonicr\ps3_release\hmac_drbg.o
c:\sonic-r-ps3\source\ps3\sonicr\sonicr\ps3_release\sysrng.o
c:\sonic-r-ps3\source\ps3\sonicr\sonicr\ps3_release\rsa_default_keygen.o
c:\sonic-r-ps3\source\ps3\sonicr\sonicr\ps3_release\rsa_default_modulus.o
c:\sonic-r-ps3\source\ps3\sonicr\sonicr\ps3_release\rsa_default_oaep_decrypt.o
c:\sonic-r-ps3\source\ps3\sonicr\sonicr\ps3_release\rsa_default_oaep_encrypt.o
c:\sonic-r-ps3\source\ps3\sonicr\sonicr\ps3_release\rsa_default_pkcs1_sign.o
c:\sonic-r-ps3\source\ps3\sonicr\sonicr\ps3_release\rsa_default_pkcs1_vrfy.o
c:\sonic-r-ps3\source\ps3\sonicr\sonicr\ps3_release\rsa_default_priv.o
c:\sonic-r-ps3\source\ps3\sonicr\sonicr\ps3_release\rsa_default_privexp.o
c:\sonic-r-ps3\source\ps3\sonicr\sonicr\ps3_release\rsa_default_pub.o
c:\sonic-r-ps3\source\ps3\sonicr\sonicr\ps3_release\rsa_default_pubexp.o
c:\sonic-r-ps3\source\ps3\sonicr\sonicr\ps3_release\rsa_i15_keygen.o
c:\sonic-r-ps3\source\ps3\sonicr\sonicr\ps3_release\rsa_i15_modulus.o
c:\sonic-r-ps3\source\ps3\sonicr\sonicr\ps3_release\rsa_i15_oaep_decrypt.o
c:\sonic-r-ps3\source\ps3\sonicr\sonicr\ps3_release\rsa_i15_oaep_encrypt.o
c:\sonic-r-ps3\source\ps3\sonicr\sonicr\ps3_release\rsa_i15_pkcs1_sign.o
c:\sonic-r-ps3\source\ps3\sonicr\sonicr\ps3_release\rsa_i15_pkcs1_vrfy.o
c:\sonic-r-ps3\source\ps3\sonicr\sonicr\ps3_release\rsa_i15_priv.o
c:\sonic-r-ps3\source\ps3\sonicr\sonicr\ps3_release\rsa_i15_privexp.o
c:\sonic-r-ps3\source\ps3\sonicr\sonicr\ps3_release\rsa_i15_pub.o
c:\sonic-r-ps3\source\ps3\sonicr\sonicr\ps3_release\rsa_i15_pubexp.o
c:\sonic-r-ps3\source\ps3\sonicr\sonicr\ps3_release\rsa_i31_keygen.o
c:\sonic-r-ps3\source\ps3\sonicr\sonicr\ps3_release\rsa_i31_keygen_inner.o
c:\sonic-r-ps3\source\ps3\sonicr\sonicr\ps3_release\rsa_i31_modulus.o
c:\sonic-r-ps3\source\ps3\sonicr\sonicr\ps3_release\rsa_i31_oaep_decrypt.o
c:\sonic-r-ps3\source\ps3\sonicr\sonicr\ps3_release\rsa_i31_oaep_encrypt.o
c:\sonic-r-ps3\source\ps3\sonicr\sonicr\ps3_release\rsa_i31_pkcs1_sign.o
c:\sonic-r-ps3\source\ps3\sonicr\sonicr\ps3_release\rsa_i31_pkcs1_vrfy.o
c:\sonic-r-ps3\source\ps3\sonicr\sonicr\ps3_release\rsa_i31_priv.o
c:\sonic-r-ps3\source\ps3\sonicr\sonicr\ps3_release\rsa_i31_privexp.o
c:\sonic-r-ps3\source\ps3\sonicr\sonicr\ps3_release\rsa_i31_pub.o
c:\sonic-r-ps3\source\ps3\sonicr\sonicr\ps3_release\rsa_i31_pubexp.o
c:\sonic-r-ps3\source\ps3\sonicr\sonicr\ps3_release\rsa_i32_oaep_decrypt.o
c:\sonic-r-ps3\source\ps3\sonicr\sonicr\ps3_release\rsa_i32_oaep_encrypt.o
c:\sonic-r-ps3\source\ps3\sonicr\sonicr\ps3_release\rsa_i32_pkcs1_sign.o
c:\sonic-r-ps3\source\ps3\sonicr\sonicr\ps3_release\rsa_i32_pkcs1_vrfy.o
c:\sonic-r-ps3\source\ps3\sonicr\sonicr\ps3_release\rsa_i32_priv.o
c:\sonic-r-ps3\source\ps3\sonicr\sonicr\ps3_release\rsa_i32_pub.o
c:\sonic-r-ps3\source\ps3\sonicr\sonicr\ps3_release\rsa_i62_keygen.o
c:\sonic-r-ps3\source\ps3\sonicr\sonicr\ps3_release\rsa_i62_oaep_decrypt.o
c:\sonic-r-ps3\source\ps3\sonicr\sonicr\ps3_release\rsa_i62_oaep_encrypt.o
c:\sonic-r-ps3\source\ps3\sonicr\sonicr\ps3_release\rsa_i62_pkcs1_sign.o
c:\sonic-r-ps3\source\ps3\sonicr\sonicr\ps3_release\rsa_i62_pkcs1_vrfy.o
c:\sonic-r-ps3\source\ps3\sonicr\sonicr\ps3_release\rsa_i62_priv.o
c:\sonic-r-ps3\source\ps3\sonicr\sonicr\ps3_release\rsa_i62_pub.o
c:\sonic-r-ps3\source\ps3\sonicr\sonicr\ps3_release\rsa_oaep_pad.o
c:\sonic-r-ps3\source\ps3\sonicr\sonicr\ps3_release\rsa_oaep_unpad.o
c:\sonic-r-ps3\source\ps3\sonicr\sonicr\ps3_release\rsa_pkcs1_sig_pad.o
c:\sonic-r-ps3\source\ps3\sonicr\sonicr\ps3_release\rsa_pkcs1_sig_unpad.o
c:\sonic-r-ps3\source\ps3\sonicr\sonicr\ps3_release\rsa_ssl_decrypt.o
c:\sonic-r-ps3\source\ps3\sonicr\sonicr\ps3_release\settings.o
c:\sonic-r-ps3\source\ps3\sonicr\sonicr\ps3_release\prf.o
c:\sonic-r-ps3\source\ps3\sonicr\sonicr\ps3_release\prf_md5sha1.o
c:\sonic-r-ps3\source\ps3\sonicr\sonicr\ps3_release\prf_sha256.o
c:\sonic-r-ps3\source\ps3\sonicr\sonicr\ps3_release\prf_sha384.o
c:\sonic-r-ps3\source\ps3\sonicr\sonicr\ps3_release\ssl_ccert_single_ec.o
c:\sonic-r-ps3\source\ps3\sonicr\sonicr\ps3_release\ssl_ccert_single_rsa.o
c:\sonic-r-ps3\source\ps3\sonicr\sonicr\ps3_release\ssl_client.o
c:\sonic-r-ps3\source\ps3\sonicr\sonicr\ps3_release\ssl_client_default_rsapub.o
c:\sonic-r-ps3\source\ps3\sonicr\sonicr\ps3_release\ssl_client_full.o
c:\sonic-r-ps3\source\ps3\sonicr\sonicr\ps3_release\ssl_engine.o
c:\sonic-r-ps3\source\ps3\sonicr\sonicr\ps3_release\ssl_engine_default_aescbc.o
c:\sonic-r-ps3\source\ps3\sonicr\sonicr\ps3_release\ssl_engine_default_aesccm.o
c:\sonic-r-ps3\source\ps3\sonicr\sonicr\ps3_release\ssl_engine_default_aesgcm.o
c:\sonic-r-ps3\source\ps3\sonicr\sonicr\ps3_release\ssl_engine_default_chapol.o
c:\sonic-r-ps3\source\ps3\sonicr\sonicr\ps3_release\ssl_engine_default_descbc.o
c:\sonic-r-ps3\source\ps3\sonicr\sonicr\ps3_release\ssl_engine_default_ec.o
c:\sonic-r-ps3\source\ps3\sonicr\sonicr\ps3_release\ssl_engine_default_ecdsa.o
c:\sonic-r-ps3\source\ps3\sonicr\sonicr\ps3_release\ssl_engine_default_rsavrfy.o
c:\sonic-r-ps3\source\ps3\sonicr\sonicr\ps3_release\ssl_hashes.o
c:\sonic-r-ps3\source\ps3\sonicr\sonicr\ps3_release\ssl_hs_client.o
c:\sonic-r-ps3\source\ps3\sonicr\sonicr\ps3_release\ssl_hs_server.o
c:\sonic-r-ps3\source\ps3\sonicr\sonicr\ps3_release\ssl_io.o
c:\sonic-r-ps3\source\ps3\sonicr\sonicr\ps3_release\ssl_keyexport.o
c:\sonic-r-ps3\source\ps3\sonicr\sonicr\ps3_release\ssl_lru.o
c:\sonic-r-ps3\source\ps3\sonicr\sonicr\ps3_release\ssl_rec_cbc.o
c:\sonic-r-ps3\source\ps3\sonicr\sonicr\ps3_release\ssl_rec_ccm.o
c:\sonic-r-ps3\source\ps3\sonicr\sonicr\ps3_release\ssl_rec_chapol.o
c:\sonic-r-ps3\source\ps3\sonicr\sonicr\ps3_release\ssl_rec_gcm.o
c:\sonic-r-ps3\source\ps3\sonicr\sonicr\ps3_release\ssl_scert_single_ec.o
c:\sonic-r-ps3\source\ps3\sonicr\sonicr\ps3_release\ssl_scert_single_rsa.o
c:\sonic-r-ps3\source\ps3\sonicr\sonicr\ps3_release\ssl_server.o
c:\sonic-r-ps3\source\ps3\sonicr\sonicr\ps3_release\ssl_server_full_ec.o
c:\sonic-r-ps3\source\ps3\sonicr\sonicr\ps3_release\ssl_server_full_rsa.o
c:\sonic-r-ps3\source\ps3\sonicr\sonicr\ps3_release\ssl_server_mine2c.o
c:\sonic-r-ps3\source\ps3\sonicr\sonicr\ps3_release\ssl_server_mine2g.o
c:\sonic-r-ps3\source\ps3\sonicr\sonicr\ps3_release\ssl_server_minf2c.o
c:\sonic-r-ps3\source\ps3\sonicr\sonicr\ps3_release\ssl_server_minf2g.o
c:\sonic-r-ps3\source\ps3\sonicr\sonicr\ps3_release\ssl_server_minr2g.o
c:\sonic-r-ps3\source\ps3\sonicr\sonicr\ps3_release\ssl_server_minu2g.o
c:\sonic-r-ps3\source\ps3\sonicr\sonicr\ps3_release\ssl_server_minv2g.o
c:\sonic-r-ps3\source\ps3\sonicr\sonicr\ps3_release\aes_big_cbcdec.o
c:\sonic-r-ps3\source\ps3\sonicr\sonicr\ps3_release\aes_big_cbcenc.o
c:\sonic-r-ps3\source\ps3\sonicr\sonicr\ps3_release\aes_big_ctr.o
c:\sonic-r-ps3\source\ps3\sonicr\sonicr\ps3_release\aes_big_ctrcbc.o
c:\sonic-r-ps3\source\ps3\sonicr\sonicr\ps3_release\aes_big_dec.o
c:\sonic-r-ps3\source\ps3\sonicr\sonicr\ps3_release\aes_big_enc.o
c:\sonic-r-ps3\source\ps3\sonicr\sonicr\ps3_release\aes_common.o
c:\sonic-r-ps3\source\ps3\sonicr\sonicr\ps3_release\aes_ct.o
c:\sonic-r-ps3\source\ps3\sonicr\sonicr\ps3_release\aes_ct64.o
c:\sonic-r-ps3\source\ps3\sonicr\sonicr\ps3_release\aes_ct64_cbcdec.o
c:\sonic-r-ps3\source\ps3\sonicr\sonicr\ps3_release\aes_ct64_cbcenc.o
c:\sonic-r-ps3\source\ps3\sonicr\sonicr\ps3_release\aes_ct64_ctr.o
c:\sonic-r-ps3\source\ps3\sonicr\sonicr\ps3_release\aes_ct64_ctrcbc.o
c:\sonic-r-ps3\source\ps3\sonicr\sonicr\ps3_release\aes_ct64_dec.o
c:\sonic-r-ps3\source\ps3\sonicr\sonicr\ps3_release\aes_ct64_enc.o
c:\sonic-r-ps3\source\ps3\sonicr\sonicr\ps3_release\aes_ct_cbcdec.o
c:\sonic-r-ps3\source\ps3\sonicr\sonicr\ps3_release\aes_ct_cbcenc.o
c:\sonic-r-ps3\source\ps3\sonicr\sonicr\ps3_release\aes_ct_ctr.o
c:\sonic-r-ps3\source\ps3\sonicr\sonicr\ps3_release\aes_ct_ctrcbc.o
c:\sonic-r-ps3\source\ps3\sonicr\sonicr\ps3_release\aes_ct_dec.o
c:\sonic-r-ps3\source\ps3\sonicr\sonicr\ps3_release\aes_ct_enc.o
c:\sonic-r-ps3\source\ps3\sonicr\sonicr\ps3_release\aes_pwr8.o
c:\sonic-r-ps3\source\ps3\sonicr\sonicr\ps3_release\aes_pwr8_cbcdec.o
c:\sonic-r-ps3\source\ps3\sonicr\sonicr\ps3_release\aes_pwr8_cbcenc.o
c:\sonic-r-ps3\source\ps3\sonicr\sonicr\ps3_release\aes_pwr8_ctr.o
c:\sonic-r-ps3\source\ps3\sonicr\sonicr\ps3_release\aes_pwr8_ctrcbc.o
c:\sonic-r-ps3\source\ps3\sonicr\sonicr\ps3_release\aes_small_cbcdec.o
c:\sonic-r-ps3\source\ps3\sonicr\sonicr\ps3_release\aes_small_cbcenc.o
c:\sonic-r-ps3\source\ps3\sonicr\sonicr\ps3_release\aes_small_ctr.o
c:\sonic-r-ps3\source\ps3\sonicr\sonicr\ps3_release\aes_small_ctrcbc.o
c:\sonic-r-ps3\source\ps3\sonicr\sonicr\ps3_release\aes_small_dec.o
c:\sonic-r-ps3\source\ps3\sonicr\sonicr\ps3_release\aes_small_enc.o
c:\sonic-r-ps3\source\ps3\sonicr\sonicr\ps3_release\aes_x86ni.o
c:\sonic-r-ps3\source\ps3\sonicr\sonicr\ps3_release\aes_x86ni_cbcdec.o
c:\sonic-r-ps3\source\ps3\sonicr\sonicr\ps3_release\aes_x86ni_cbcenc.o
c:\sonic-r-ps3\source\ps3\sonicr\sonicr\ps3_release\aes_x86ni_ctr.o
c:\sonic-r-ps3\source\ps3\sonicr\sonicr\ps3_release\aes_x86ni_ctrcbc.o
c:\sonic-r-ps3\source\ps3\sonicr\sonicr\ps3_release\chacha20_ct.o
c:\sonic-r-ps3\source\ps3\sonicr\sonicr\ps3_release\chacha20_sse2.o
c:\sonic-r-ps3\source\ps3\sonicr\sonicr\ps3_release\des_ct.o
c:\sonic-r-ps3\source\ps3\sonicr\sonicr\ps3_release\des_ct_cbcdec.o
c:\sonic-r-ps3\source\ps3\sonicr\sonicr\ps3_release\des_ct_cbcenc.o
c:\sonic-r-ps3\source\ps3\sonicr\sonicr\ps3_release\des_support.o
c:\sonic-r-ps3\source\ps3\sonicr\sonicr\ps3_release\des_tab.o
c:\sonic-r-ps3\source\ps3\sonicr\sonicr\ps3_release\des_tab_cbcdec.o
c:\sonic-r-ps3\source\ps3\sonicr\sonicr\ps3_release\des_tab_cbcenc.o
c:\sonic-r-ps3\source\ps3\sonicr\sonicr\ps3_release\poly1305_ctmul.o
c:\sonic-r-ps3\source\ps3\sonicr\sonicr\ps3_release\poly1305_ctmul32.o
c:\sonic-r-ps3\source\ps3\sonicr\sonicr\ps3_release\poly1305_ctmulq.o
c:\sonic-r-ps3\source\ps3\sonicr\sonicr\ps3_release\poly1305_i15.o
c:\sonic-r-ps3\source\ps3\sonicr\sonicr\ps3_release\asn1enc.o
c:\sonic-r-ps3\source\ps3\sonicr\sonicr\ps3_release\encode_ec_pk8der.o
c:\sonic-r-ps3\source\ps3\sonicr\sonicr\ps3_release\encode_ec_rawder.o
c:\sonic-r-ps3\source\ps3\sonicr\sonicr\ps3_release\encode_rsa_pk8der.o
c:\sonic-r-ps3\source\ps3\sonicr\sonicr\ps3_release\encode_rsa_rawder.o
c:\sonic-r-ps3\source\ps3\sonicr\sonicr\ps3_release\skey_decoder.o
c:\sonic-r-ps3\source\ps3\sonicr\sonicr\ps3_release\x509_decoder.o
c:\sonic-r-ps3\source\ps3\sonicr\sonicr\ps3_release\x509_knownkey.o
c:\sonic-r-ps3\source\ps3\sonicr\sonicr\ps3_release\x509_minimal.o
c:\sonic-r-ps3\source\ps3\sonicr\sonicr\ps3_release\x509_minimal_full.o
c:\sonic-r-ps3\source\ps3\sonicr\sonicr\ps3_release\matchmaker.o
c:\sonic-r-ps3\source\ps3\sonicr\sonicr\ps3_release\network.o
c:\sonic-r-ps3\source\ps3\sonicr\sonicr\ps3_release\net_delta.o
c:\sonic-r-ps3\source\ps3\sonicr\sonicr\ps3_release\net_https.o
c:\sonic-r-ps3\source\ps3\sonicr\sonicr\ps3_release\net_interp.o
c:\sonic-r-ps3\source\ps3\sonicr\sonicr\ps3_release\net_transport.o
c:\sonic-r-ps3\source\ps3\sonicr\sonicr\ps3_release\net_upnp.o
c:\sonic-r-ps3\source\ps3\sonicr\sonicr\ps3_release\pause_menu.o
c:\sonic-r-ps3\source\ps3\sonicr\sonicr\ps3_release\physics_main.o
c:\sonic-r-ps3\source\ps3\sonicr\sonicr\ps3_release\physics_small.o
c:\sonic-r-ps3\source\ps3\sonicr\sonicr\ps3_release\platform_ps3.o
c:\sonic-r-ps3\source\ps3\sonicr\sonicr\ps3_release\player_camera.o
c:\sonic-r-ps3\source\ps3\sonicr\sonicr\ps3_release\player_init.o
c:\sonic-r-ps3\source\ps3\sonicr\sonicr\ps3_release\player_movement.o
c:\sonic-r-ps3\source\ps3\sonicr\sonicr\ps3_release\qrcodegen.o
c:\sonic-r-ps3\source\ps3\sonicr\sonicr\ps3_release\race.o
c:\sonic-r-ps3\source\ps3\sonicr\sonicr\ps3_release\race_setup.o
c:\sonic-r-ps3\source\ps3\sonicr\sonicr\ps3_release\race_timing.o
c:\sonic-r-ps3\source\ps3\sonicr\sonicr\ps3_release\race_update.o
c:\sonic-r-ps3\source\ps3\sonicr\sonicr\ps3_release\render_character_credits.o
c:\sonic-r-ps3\source\ps3\sonicr\sonicr\ps3_release\render_character_d3d.o
c:\sonic-r-ps3\source\ps3\sonicr\sonicr\ps3_release\render_character_podium.o
c:\sonic-r-ps3\source\ps3\sonicr\sonicr\ps3_release\render_char_sprites.o
c:\sonic-r-ps3\source\ps3\sonicr\sonicr\ps3_release\render_gl.o
c:\sonic-r-ps3\source\ps3\sonicr\sonicr\ps3_release\render_grid_d3d.o
c:\sonic-r-ps3\source\ps3\sonicr\sonicr\ps3_release\render_helpers.o
c:\sonic-r-ps3\source\ps3\sonicr\sonicr\ps3_release\render_hidden_obj.o
c:\sonic-r-ps3\source\ps3\sonicr\sonicr\ps3_release\render_scene.o
c:\sonic-r-ps3\source\ps3\sonicr\sonicr\ps3_release\render_track_d3d.o
c:\sonic-r-ps3\source\ps3\sonicr\sonicr\ps3_release\render_track_sdl.o
c:\sonic-r-ps3\source\ps3\sonicr\sonicr\ps3_release\r_soft_backend.o
c:\sonic-r-ps3\source\ps3\sonicr\sonicr\ps3_release\save.o
c:\sonic-r-ps3\source\ps3\sonicr\sonicr\ps3_release\screens.o
c:\sonic-r-ps3\source\ps3\sonicr\sonicr\ps3_release\screen_charsel.o
c:\sonic-r-ps3\source\ps3\sonicr\sonicr\ps3_release\screen_course.o
c:\sonic-r-ps3\source\ps3\sonicr\sonicr\ps3_release\screen_menu.o
c:\sonic-r-ps3\source\ps3\sonicr\sonicr\ps3_release\screen_misc.o
c:\sonic-r-ps3\source\ps3\sonicr\sonicr\ps3_release\screen_multimode.o
c:\sonic-r-ps3\source\ps3\sonicr\sonicr\ps3_release\screen_results.o
c:\sonic-r-ps3\source\ps3\sonicr\sonicr\ps3_release\screen_timeattack.o
c:\sonic-r-ps3\source\ps3\sonicr\sonicr\ps3_release\shutdown.o
c:\sonic-r-ps3\source\ps3\sonicr\sonicr\ps3_release\sky_gradient.o
c:\sonic-r-ps3\source\ps3\sonicr\sonicr\ps3_release\sky_render.o
c:\sonic-r-ps3\source\ps3\sonicr\sonicr\ps3_release\adp.o
c:\sonic-r-ps3\source\ps3\sonicr\sonicr\ps3_release\adx.o
c:\sonic-r-ps3\source\ps3\sonicr\sonicr\ps3_release\music_rwops.o
c:\sonic-r-ps3\source\ps3\sonicr\sonicr\ps3_release\music_sdl.o
c:\sonic-r-ps3\source\ps3\sonicr\sonicr\ps3_release\replay_voice.o
c:\sonic-r-ps3\source\ps3\sonicr\sonicr\ps3_release\sfx_sdl.o
c:\sonic-r-ps3\source\ps3\sonicr\sonicr\ps3_release\sound.o
c:\sonic-r-ps3\source\ps3\sonicr\sonicr\ps3_release\texture.o
c:\sonic-r-ps3\source\ps3\sonicr\sonicr\ps3_release\title_render.o
c:\sonic-r-ps3\source\ps3\sonicr\sonicr\ps3_release\track_anim.o
c:\sonic-r-ps3\source\ps3\sonicr\sonicr\ps3_release\track_anim_init.o
c:\sonic-r-ps3\source\ps3\sonicr\sonicr\ps3_release\track_geometry.o
c:\sonic-r-ps3\source\ps3\sonicr\sonicr\ps3_release\track_init.o
c:\sonic-r-ps3\source\ps3\sonicr\sonicr\ps3_release\track_load.o
c:\sonic-r-ps3\source\ps3\sonicr\sonicr\ps3_release\track_per_level.o
c:\sonic-r-ps3\source\ps3\sonicr\sonicr\ps3_release\util.o
c:\sonic-r-ps3\source\ps3\sonicr\sonicr\ps3_release\vehicle_physics.o
c:\sonic-r-ps3\source\ps3\sonicr\sonicr\ps3_release\view_matrix.o
c:\sonic-r-ps3\source\ps3\sonicr\sonicr\ps3_release\weather.o
c:\sonic-r-ps3\source\ps3\sonicr\sonicr\ps3_release\track_surface_ai.o
c:\sonic-r-ps3\source\ps3\sonicr\sonicr\ps3_release\r_gl_backend.o
c:\sonic-r-ps3\source\ps3\sonicr\sonicr\ps3_release\sonicr.tlog\ps3ppuld64.command.1.tlog
c:\sonic-r-ps3\source\ps3\sonicr\sonicr\ps3_release\sonicr.tlog\ps3ppuld64.read.1.tlog
c:\sonic-r-ps3\source\ps3\sonicr\sonicr\ps3_release\sonicr.tlog\ps3ppuld64.write.1.tlog
c:\sonic-r-ps3\source\ps3\sonicr\sonicr\ps3_release\sonicr.tlog\ps3ppusnc.command.1.tlog
c:\sonic-r-ps3\source\ps3\sonicr\sonicr\ps3_release\sonicr.tlog\ps3ppusnc.read.1.tlog
c:\sonic-r-ps3\source\ps3\sonicr\sonicr\ps3_release\sonicr.tlog\ps3ppusnc.write.1.tlog
